majority acc=0.7015  table acc=0.7059
  seed 0 logreg     acc=0.7082 nll=0.8260 (2.9s)
  seed 0 mlp        acc=0.7159 nll=0.8002 (2.2s)
  seed 0 mlp+stats  acc=0.7195 nll=0.7515 (2.4s)
  seed 1 logreg     acc=0.7081 nll=0.8258 (1.9s)
  seed 1 mlp        acc=0.7156 nll=0.8006 (2.3s)
  seed 1 mlp+stats  acc=0.7196 nll=0.7513 (2.5s)
  seed 2 logreg     acc=0.7080 nll=0.8262 (1.8s)
  seed 2 mlp        acc=0.7158 nll=0.8002 (2.1s)
  seed 2 mlp+stats  acc=0.7200 nll=0.7513 (2.2s)
{
 "logreg": {
  "acc": [
   0.7081131666666667,
   6.809572510649902e-05
  ],
  "nll": [
   0.8259971737861633,
   0.00010197331067622783
  ],
  "macro_f1": [
   0.3355447105476303,
   0.000701911551904662
  ]
 },
 "mlp": {
  "acc": [
   0.7157608333333334,
   0.00011329766595615422
  ],
  "nll": [
   0.8003007769584656,
   0.00013766234785456884
  ],
  "macro_f1": [
   0.3695701474514947,
   0.0019502085236184164
  ]
 },
 "mlp+stats": {
  "acc": [
   0.7196794999999999,
   0.00016086510912353418
  ],
  "nll": [
   0.7513822118441263,
   7.35624058400273e-05
  ],
  "macro_f1": [
   0.4070865958435505,
   0.00062986053653715
  ]
 },
 "stats_gain_acc": [
  0.003918666666666663,
  0.00019446450690149134
 ],
 "stats_gain_nll": [
  -0.048918565114339195,
  0.00019549614254917673
 ]
}
