majority acc=0.6969  table acc=0.6963
  seed 0 logreg     acc=0.7829 nll=0.5575 (7.6s)
  seed 0 mlp        acc=0.8182 nll=0.4425 (10.5s)
  seed 0 mlp+stats  acc=0.8457 nll=0.3817 (8.7s)
  seed 1 logreg     acc=0.7820 nll=0.5605 (2.9s)
  seed 1 mlp        acc=0.8175 nll=0.4430 (6.2s)
  seed 1 mlp+stats  acc=0.8437 nll=0.3843 (6.5s)
  seed 2 logreg     acc=0.7832 nll=0.5579 (3.3s)
  seed 2 mlp        acc=0.8174 nll=0.4442 (10.8s)
  seed 2 mlp+stats  acc=0.8468 nll=0.3832 (9.3s)
{
 "logreg": {
  "acc": [
   0.7827001862197394,
   0.0003538175046554908
  ],
  "nll": [
   0.5586579243342081,
   0.0009226961269031461
  ],
  "macro_f1": [
   0.5352881394115524,
   0.005254526330731718
  ]
 },
 "mlp": {
  "acc": [
   0.8176722532588454,
   0.00024422489848423403
  ],
  "nll": [
   0.44320685664812726,
   0.0005080749696807481
  ],
  "macro_f1": [
   0.6394584077972055,
   0.0005673392442153526
  ]
 },
 "mlp+stats": {
  "acc": [
   0.8454189944134077,
   0.0008979190652693545
  ],
  "nll": [
   0.3830803632736206,
   0.0007580286035264895
  ],
  "macro_f1": [
   0.7045860491425348,
   0.0026424713287978383
  ]
 },
 "stats_gain_acc": [
  0.0277467411545624,
  0.0009249330307774632
 ],
 "stats_gain_nll": [
  -0.06012649337450663,
  0.0007361932774279516
 ]
}
