C:\Users\UserNIK\projects\rlPlanRevised\.venv\Lib\site-packages\umap\umap_.py:1952: UserWarning: n_jobs value 1 overridden to 1 by setting random_state. Use no seed for parallelism.
  warn(
{
 "silhouette": {
  "2": 0.16164340566169255,
  "3": 0.15963641631047454,
  "4": 0.12921522783042697,
  "5": 0.1368325374348036,
  "6": 0.13778177303646888,
  "7": 0.12209906918693701,
  "8": 0.11824315275467409
 },
 "kmeans4_seed_agreement_ari": [
  0.9437836479534425,
  0.9731367800407765
 ],
 "temporal_summary": {
  "temporal": [
   0.7358339068593714,
   0.0020678775381188304
  ],
  "random_split": [
   0.7822895159440238,
   0.0045752857708600825
  ],
  "chance": [
   0.29511881580648813,
   0.000893643010831938
  ]
 }
}
{
 "centroids": [
  {
   "vpip": 0.23655948041401834,
   "pfr": 0.15800284487291968,
   "three_bet": 0.054038270374804666,
   "steal": 0.3113702476706616,
   "limp": 0.03420576966435131,
   "cbet": 0.6698735223027303,
   "fold_to_cbet": 0.48277282331964216,
   "wtsd": 0.28563252804682704,
   "afq": 0.5111898671370846,
   "check_raise": 0.08969355704137594,
   "post_size": 0.6979985572145505
  },
  {
   "vpip": 0.18522477648360888,
   "pfr": 0.0951753537952148,
   "three_bet": 0.033266859582032286,
   "steal": 0.20628023736568685,
   "limp": 0.055241152859445905,
   "cbet": 0.5552836366079874,
   "fold_to_cbet": 0.5970803352112062,
   "wtsd": 0.2907815924218227,
   "afq": 0.42260840791216314,
   "check_raise": 0.05218742989819683,
   "post_size": 0.6829041583634148
  },
  {
   "vpip": 0.4194683536174334,
   "pfr": 0.2926095883127735,
   "three_bet": 0.12820274334458412,
   "steal": 0.3541994012854908,
   "limp": 0.05052878033782551,
   "cbet": 0.571922066994973,
   "fold_to_cbet": 0.48169319377670244,
   "wtsd": 0.3467365146669204,
   "afq": 0.5310450393776482,
   "check_raise": 0.09276068309687364,
   "post_size": 0.8340397996238522
  },
  {
   "vpip": 0.4077400424688944,
   "pfr": 0.08947958959791531,
   "three_bet": 0.032812193662970106,
   "steal": 0.146499778720388,
   "limp": 0.21890483430340532,
   "cbet": 0.553268316296907,
   "fold_to_cbet": 0.5084797431608679,
   "wtsd": 0.3021385382294098,
   "afq": 0.4522285643120532,
   "check_raise": 0.0703832530739945,
   "post_
{
 "0": {
  "ari_emb_kmeans_vs_quadrants": 0.3498970078342722,
  "ari_emb_kmeans_vs_stats_kmeans": 0.23117310759660986,
  "knn15_quadrant_acc_emb": 0.9012426731964677,
  "knn15_quadrant_acc_stats": 0.8785267727759344,
  "cos_within_quadrant": 0.8874886021634422,
  "cos_between_quadrant": 0.7581050613276098,
  "dbscan_clusters": 7,
  "dbscan_noise_share": 0.39022711631108054,
  "dbscan_eps": 2.6600813786005117,
  "temporal_stability": 0.9050240880935995,
  "chance": 0.29748712704426705
 },
 "1": {
  "ari_emb_kmeans_vs_quadrants": 0.34185347400595306,
  "ari_emb_kmeans_vs_stats_kmeans": 0.216451703891191,
  "knn15_quadrant_acc_emb": 0.9033086691390008,
  "knn15_quadrant_acc_stats": 0.8785267727759344,
  "cos_within_quadrant": 0.8641119451610197,
  "cos_between_quadrant": 0.7392382730786867,
  "dbscan_clusters": 10,
  "dbscan_noise_share": 0.3768066070199587,
  "dbscan_eps": 2.4699939542748615,
  "temporal_stability": 0.9094975911906401,
  "chance": 0.29600882716964544
 },
 "2": {
  "ari_emb_kmeans_vs_quadrants": 0.3591160170379451,
  "ari_emb_kmeans_vs_stats_kmeans": 0.22844207892224608,
  "knn15_quadrant_acc_emb": 0.907097018412383,
  "knn15_quadrant_acc_stats": 0.8785267727759344,
  "cos_within_quadrant": 0.8687411966036057,
  "cos_between_quadrant": 0.7392499877107725,
  "dbscan_clusters": 9,
  "dbscan_noise_share": 0.3816242257398486,
  "dbscan_eps": 2.729473939005026,
  "temporal_stability": 0.9077770130763937,
  "chance": 0.2949743488209836
 }
}
{
 "types_rates": {
  "type0": {
   "vpip": 0.2108,
   "pfr": 0.1576,
   "limp": 0.0181,
   "tb": 0.0569,
   "cbet": 0.67,
   "wtsd": 0.2767,
   "steal": 0.3062
  },
  "type1": {
   "vpip": 0.1581,
   "pfr": 0.0965,
   "limp": 0.0365,
   "tb": 0.037,
   "cbet": 0.5628,
   "wtsd": 0.283,
   "steal": 0.2211
  },
  "type2": {
   "vpip": 0.344,
   "pfr": 0.2657,
   "limp": 0.0286,
   "tb": 0.1242,
   "cbet": 0.5717,
   "wtsd": 0.3389,
   "steal": 0.3488
  },
  "type3": {
   "vpip": 0.3951,
   "pfr": 0.0871,
   "limp": 0.2129,
   "tb": 0.0316,
   "cbet": 0.5707,
   "wtsd": 0.3,
   "steal": 0.1433
  }
 },
 "prior": [
  0.3747,
  0.3259,
  0.1149,
  0.1844
 ],
 "players": 1702,
 "map_acc_at": {
  "10": 0.4917743830787309,
  "25": 0.5434782608695652,
  "50": 0.5740305522914219,
  "100": 0.6204465334900118,
  "200": 0.654524089306698,
  "500": 0.6827262044653349
 },
 "share_reaching_stable_0.9_within_500": 0.6598119858989424,
 "hands_to_stable_0.9_median": 85.0,
 "hands_to_stable_0.9_q75": 203.0,
 "chance_acc": 0.4400705052878966,
 "sample_trajectories": [
  [
   0.178,
   0.0,
   0.002,
   0.0,
   0.0,
   0.0
  ],
  [
   0.437,
   0.689,
   0.973,
   0.959,
   1.0,
   1.0
  ],
  [
   0.541,
   0.456,
   0.19,
   0.487,
   0.997,
   0.319
  ],
  [
   0.444,
   0.5,
   0.047,
   0.043,
   0.297,
   0.001
  ],
  [
   0.236,
   0.109,
   0.748,
   0.387,
   0.0,
   1.0
  ],
  [
   0.432,
   0.417,
   0.726,
   0.991,
   0.998,
   0.975
  ],
  [
   0.166,
   1.0,
   1.0,
   1.0,
   1.0,
 
