IPN100: 21455 players, 2906 with >= 500 hands
  reliability m=25: players=11944 vpip=[0.7355261395359464, 0.001267618510861202] 3bet=[0.2369671019051696, 0.006754604483096137]
  reliability m=50: players=8485 vpip=[0.847144504000969, 0.0024041644355402335] 3bet=[0.3832862149866469, 0.005137586147325523]
  reliability m=100: players=5528 vpip=[0.9185352861496101, 0.0004247419765737213] 3bet=[0.544346853292807, 0.006295376123116199]
  reliability m=200: players=3464 vpip=[0.9544779758455588, 0.0005968372111658142] 3bet=[0.6664644047869602, 0.008555761707777238]
  reliability m=500: players=1702 vpip=[0.9739469019393656, 0.00042087968277651657] 3bet=[0.816756345194547, 0.0011936476300344072]
  reliability m=1000: players=1070 vpip=[0.9813542806723098, 0.0007016695591631125] 3bet=[0.8821853513973733, 0.002696794591692237]
{"n_regulars": 2906, "quadrants": {"LAG": 391, "TAG": 1323, "loose-passive": 730, "tight-passive": 462}, "wsd_coverage_median": 0.40994448781334025}
{
 "reference_pluribus_6h": {
  "rfi_LJ": [
   0.18340348767288034,
   1663
  ],
  "rfi_HJ": [
   0.24042073628850488,
   1331
  ],
  "rfi_CO": [
   0.3063314711359404,
   1074
  ],
  "rfi_BTN": [
   0.4243641231593039,
   747
  ],
  "rfi_SB": [
   0.3261904761904762,
   420
  ],
  "vpip_BB": [
   0.3811252268602541,
   1653
  ],
  "three_bet": [
   0.07259439707673569,
   4105
  ],
  "cbet": [
   0.5365269461077844,
   835
  ],
  "fold_to_cbet": [
   0.45012165450121655,
   411
  ],
  "vpip": [
   0.2641,
   10000
  ],
  "pfr": [
   0.1766,
   10000
  ]
 },
 "ipn_players": 1046,
 "ipn_mean_abs_gap": {
  "median": 0.09306606123155889,
  "q10": 0.06197204891530926,
  "q90": 0.14110306237206566
 },
 "pros_mean_abs_gap": {
  "MrWhite": 0.03829875369040572,
  "Budd": 0.03309243391278069,
  "Eddie": 0.020866865471331444,
  "Bill": 0.02721800190843694,
  "MrBrown": 0.06085280729847431,
  "MrBlue": 0.05205140933581154,
  "MrPink": 0.03399919765703613,
  "Hattori": 0.03881607901817224,
  "MrOrange": 0.05314301108993593,
  "ORen": 0.04002792438193582,
  "MrBlonde": 0.05053528135541092,
  "Joe": 0.03565765022220249
 },
 "pros_median": 0.03855741635428898,
 "ipn_per_stat_median_diff": {
  "rfi_LJ": -0.052266439480109256,
  "rfi_HJ": -0.07424878628277967,
  "rfi_CO": -0.07118441231241099,
  "rfi_BTN": -0.09038728918246991,
  "rfi_SB": -0.030735930735930728,
  "vpip_BB": -0.22122190204060985,
  "three_bet": -0.023161392860858717,
  "cbet": 0.10544836253419088,
  "fold_to_cbet": 0.07071167883211682,
  "vpip": -0.06220747424484763,
  "pfr": -0.034615366827048605
 },
 "pros_per_stat_median_diff": {
  "rfi_LJ": -0.00038187570449092767,
  "rfi_HJ": -0.03179602766379626,
  "rfi_CO": -0.02109477170877025,
  "rfi_BTN": 0.034221735426554684,
  "rfi_SB": 0.01447587164947281,
  "vpip_BB": 0.024552458819397355,
  "three_bet": 0.00750628358521719,
  "cbet": -0.04131286383669133,
  "fold_to_cbet": 0.016545012165450124,
  "vpip": -0.003008728137658484,
  "pfr": -0.0026763844993100833
 },
 "ipn_share_closer_than_median_pro": 0.0019120458891013384
}
